  Determining projects to restore...
  All projects are up-to-date for restore.
  ApartaAPI -> D:\K17_KTPM\Git_Repo\Team_Repo\aparta-backend-api\ApartaAPI\bin\Debug\net8.0\ApartaAPI.dll
  ServiceUnitTest -> D:\K17_KTPM\Git_Repo\Team_Repo\aparta-backend-api\ServiceUnitTest\bin\Debug\net8.0\ServiceUnitTest.dll
Test run for D:\K17_KTPM\Git_Repo\Team_Repo\aparta-backend-api\ServiceUnitTest\bin\Debug\net8.0\ServiceUnitTest.dll (.NETCoreApp,Version=v8.0)
VSTest version 17.14.1 (x64)

Starting test execution, please wait...
A total of 1 test files matched the specified pattern.
  Failed ServiceUnitTest.TestVisitLog.VisitLogServiceComprehensiveTests.GetStaffViewLogsAsync_ShouldFilterBySearchTerm_VisitorName [265 ms]
  Error Message:
   System.InvalidCastException : Unable to cast object of type 'ServiceUnitTest.Helpers.TestAsyncEnumerable`1[ApartaAPI.Models.VisitLog]' to type 'System.Linq.IQueryable`1[ApartaAPI.DTOs.VisitLogs.VisitLogStaffViewDto]'.
  Stack Trace:
     at AutoMapper.QueryableExtensions.Extensions.ToCore[TResult](IQueryable source, IConfigurationProvider configuration, Object parameters, IEnumerable`1 memberPathsToExpand)
   at AutoMapper.QueryableExtensions.Extensions.ProjectTo[TDestination](IQueryable source, IConfigurationProvider configuration, Object parameters, Expression`1[] membersToExpand)
   at AutoMapper.QueryableExtensions.Extensions.ProjectTo[TDestination](IQueryable source, IConfigurationProvider configuration, Expression`1[] membersToExpand)
   at ApartaAPI.Services.VisitLogService.GetStaffViewLogsAsync(VisitorQueryParameters queryParams) in D:\K17_KTPM\Git_Repo\Team_Repo\aparta-backend-api\ApartaAPI\Services\VisitLogService.cs:line 62
   at ServiceUnitTest.TestVisitLog.VisitLogServiceComprehensiveTests.GetStaffViewLogsAsync_ShouldFilterBySearchTerm_VisitorName() in D:\K17_KTPM\Git_Repo\Team_Repo\aparta-backend-api\ServiceUnitTest\TestVisitLog\VisitLogServiceComprehensiveTests.cs:line 107
--- End of stack trace from previous location ---
  Failed ServiceUnitTest.TestVisitLog.VisitLogServiceComprehensiveTests.GetStaffViewLogsAsync_ShouldPaginateCorrectly [4 ms]
  Error Message:
   System.InvalidCastException : Unable to cast object of type 'ServiceUnitTest.Helpers.TestAsyncEnumerable`1[ApartaAPI.Models.VisitLog]' to type 'System.Linq.IQueryable`1[ApartaAPI.DTOs.VisitLogs.VisitLogStaffViewDto]'.
  Stack Trace:
     at AutoMapper.QueryableExtensions.Extensions.ToCore[TResult](IQueryable source, IConfigurationProvider configuration, Object parameters, IEnumerable`1 memberPathsToExpand)
   at AutoMapper.QueryableExtensions.Extensions.ProjectTo[TDestination](IQueryable source, IConfigurationProvider configuration, Object parameters, Expression`1[] membersToExpand)
   at AutoMapper.QueryableExtensions.Extensions.ProjectTo[TDestination](IQueryable source, IConfigurationProvider configuration, Expression`1[] membersToExpand)
   at ApartaAPI.Services.VisitLogService.GetStaffViewLogsAsync(VisitorQueryParameters queryParams) in D:\K17_KTPM\Git_Repo\Team_Repo\aparta-backend-api\ApartaAPI\Services\VisitLogService.cs:line 62
   at ServiceUnitTest.TestVisitLog.VisitLogServiceComprehensiveTests.GetStaffViewLogsAsync_ShouldPaginateCorrectly() in D:\K17_KTPM\Git_Repo\Team_Repo\aparta-backend-api\ServiceUnitTest\TestVisitLog\VisitLogServiceComprehensiveTests.cs:line 202
--- End of stack trace from previous location ---
  Failed ServiceUnitTest.TestVisitLog.VisitLogServiceComprehensiveTests.GetStaffViewLogsAsync_ShouldFilterBySearchTerm_ApartmentCode [12 ms]
  Error Message:
   System.InvalidCastException : Unable to cast object of type 'ServiceUnitTest.Helpers.TestAsyncEnumerable`1[ApartaAPI.Models.VisitLog]' to type 'System.Linq.IQueryable`1[ApartaAPI.DTOs.VisitLogs.VisitLogStaffViewDto]'.
  Stack Trace:
     at AutoMapper.QueryableExtensions.Extensions.ToCore[TResult](IQueryable source, IConfigurationProvider configuration, Object parameters, IEnumerable`1 memberPathsToExpand)
   at AutoMapper.QueryableExtensions.Extensions.ProjectTo[TDestination](IQueryable source, IConfigurationProvider configuration, Object parameters, Expression`1[] membersToExpand)
   at AutoMapper.QueryableExtensions.Extensions.ProjectTo[TDestination](IQueryable source, IConfigurationProvider configuration, Expression`1[] membersToExpand)
   at ApartaAPI.Services.VisitLogService.GetStaffViewLogsAsync(VisitorQueryParameters queryParams) in D:\K17_KTPM\Git_Repo\Team_Repo\aparta-backend-api\ApartaAPI\Services\VisitLogService.cs:line 62
   at ServiceUnitTest.TestVisitLog.VisitLogServiceComprehensiveTests.GetStaffViewLogsAsync_ShouldFilterBySearchTerm_ApartmentCode() in D:\K17_KTPM\Git_Repo\Team_Repo\aparta-backend-api\ServiceUnitTest\TestVisitLog\VisitLogServiceComprehensiveTests.cs:line 130
--- End of stack trace from previous location ---
  Failed ServiceUnitTest.TestVisitLog.VisitLogServiceComprehensiveTests.GetStaffViewLogsAsync_ShouldSortByVisitorFullName_Ascending [2 ms]
  Error Message:
   System.InvalidCastException : Unable to cast object of type 'ServiceUnitTest.Helpers.TestAsyncEnumerable`1[ApartaAPI.Models.VisitLog]' to type 'System.Linq.IQueryable`1[ApartaAPI.DTOs.VisitLogs.VisitLogStaffViewDto]'.
  Stack Trace:
     at AutoMapper.QueryableExtensions.Extensions.ToCore[TResult](IQueryable source, IConfigurationProvider configuration, Object parameters, IEnumerable`1 memberPathsToExpand)
   at AutoMapper.QueryableExtensions.Extensions.ProjectTo[TDestination](IQueryable source, IConfigurationProvider configuration, Object parameters, Expression`1[] membersToExpand)
   at AutoMapper.QueryableExtensions.Extensions.ProjectTo[TDestination](IQueryable source, IConfigurationProvider configuration, Expression`1[] membersToExpand)
   at ApartaAPI.Services.VisitLogService.GetStaffViewLogsAsync(VisitorQueryParameters queryParams) in D:\K17_KTPM\Git_Repo\Team_Repo\aparta-backend-api\ApartaAPI\Services\VisitLogService.cs:line 62
   at ServiceUnitTest.TestVisitLog.VisitLogServiceComprehensiveTests.GetStaffViewLogsAsync_ShouldSortByVisitorFullName_Ascending() in D:\K17_KTPM\Git_Repo\Team_Repo\aparta-backend-api\ServiceUnitTest\TestVisitLog\VisitLogServiceComprehensiveTests.cs:line 153
--- End of stack trace from previous location ---
  Failed ServiceUnitTest.TestVisitLog.VisitLogServiceComprehensiveTests.GetStaffViewLogsAsync_ShouldReturnAllLogs_WhenNoFiltersProvided [3 ms]
  Error Message:
   System.InvalidCastException : Unable to cast object of type 'ServiceUnitTest.Helpers.TestAsyncEnumerable`1[ApartaAPI.Models.VisitLog]' to type 'System.Linq.IQueryable`1[ApartaAPI.DTOs.VisitLogs.VisitLogStaffViewDto]'.
  Stack Trace:
     at AutoMapper.QueryableExtensions.Extensions.ToCore[TResult](IQueryable source, IConfigurationProvider configuration, Object parameters, IEnumerable`1 memberPathsToExpand)
   at AutoMapper.QueryableExtensions.Extensions.ProjectTo[TDestination](IQueryable source, IConfigurationProvider configuration, Object parameters, Expression`1[] membersToExpand)
   at AutoMapper.QueryableExtensions.Extensions.ProjectTo[TDestination](IQueryable source, IConfigurationProvider configuration, Expression`1[] membersToExpand)
   at ApartaAPI.Services.VisitLogService.GetStaffViewLogsAsync(VisitorQueryParameters queryParams) in D:\K17_KTPM\Git_Repo\Team_Repo\aparta-backend-api\ApartaAPI\Services\VisitLogService.cs:line 62
   at ServiceUnitTest.TestVisitLog.VisitLogServiceComprehensiveTests.GetStaffViewLogsAsync_ShouldReturnAllLogs_WhenNoFiltersProvided() in D:\K17_KTPM\Git_Repo\Team_Repo\aparta-backend-api\ServiceUnitTest\TestVisitLog\VisitLogServiceComprehensiveTests.cs:line 60
--- End of stack trace from previous location ---
  Failed ServiceUnitTest.TestVisitLog.VisitLogServiceComprehensiveTests.GetStaffViewLogsAsync_ShouldFilterByApartmentId [2 ms]
  Error Message:
   System.InvalidCastException : Unable to cast object of type 'ServiceUnitTest.Helpers.TestAsyncEnumerable`1[ApartaAPI.Models.VisitLog]' to type 'System.Linq.IQueryable`1[ApartaAPI.DTOs.VisitLogs.VisitLogStaffViewDto]'.
  Stack Trace:
     at AutoMapper.QueryableExtensions.Extensions.ToCore[TResult](IQueryable source, IConfigurationProvider configuration, Object parameters, IEnumerable`1 memberPathsToExpand)
   at AutoMapper.QueryableExtensions.Extensions.ProjectTo[TDestination](IQueryable source, IConfigurationProvider configuration, Object parameters, Expression`1[] membersToExpand)
   at AutoMapper.QueryableExtensions.Extensions.ProjectTo[TDestination](IQueryable source, IConfigurationProvider configuration, Expression`1[] membersToExpand)
   at ApartaAPI.Services.VisitLogService.GetStaffViewLogsAsync(VisitorQueryParameters queryParams) in D:\K17_KTPM\Git_Repo\Team_Repo\aparta-backend-api\ApartaAPI\Services\VisitLogService.cs:line 62
   at ServiceUnitTest.TestVisitLog.VisitLogServiceComprehensiveTests.GetStaffViewLogsAsync_ShouldFilterByApartmentId() in D:\K17_KTPM\Git_Repo\Team_Repo\aparta-backend-api\ServiceUnitTest\TestVisitLog\VisitLogServiceComprehensiveTests.cs:line 84
--- End of stack trace from previous location ---
  Failed ServiceUnitTest.TestVisitLog.VisitLogServiceComprehensiveTests.GetStaffViewLogsAsync_ShouldSortByCheckinTime_Descending_Default [4 ms]
  Error Message:
   System.InvalidCastException : Unable to cast object of type 'ServiceUnitTest.Helpers.TestAsyncEnumerable`1[ApartaAPI.Models.VisitLog]' to type 'System.Linq.IQueryable`1[ApartaAPI.DTOs.VisitLogs.VisitLogStaffViewDto]'.
  Stack Trace:
     at AutoMapper.QueryableExtensions.Extensions.ToCore[TResult](IQueryable source, IConfigurationProvider configuration, Object parameters, IEnumerable`1 memberPathsToExpand)
   at AutoMapper.QueryableExtensions.Extensions.ProjectTo[TDestination](IQueryable source, IConfigurationProvider configuration, Object parameters, Expression`1[] membersToExpand)
   at AutoMapper.QueryableExtensions.Extensions.ProjectTo[TDestination](IQueryable source, IConfigurationProvider configuration, Expression`1[] membersToExpand)
   at ApartaAPI.Services.VisitLogService.GetStaffViewLogsAsync(VisitorQueryParameters queryParams) in D:\K17_KTPM\Git_Repo\Team_Repo\aparta-backend-api\ApartaAPI\Services\VisitLogService.cs:line 62
   at ServiceUnitTest.TestVisitLog.VisitLogServiceComprehensiveTests.GetStaffViewLogsAsync_ShouldSortByCheckinTime_Descending_Default() in D:\K17_KTPM\Git_Repo\Team_Repo\aparta-backend-api\ServiceUnitTest\TestVisitLog\VisitLogServiceComprehensiveTests.cs:line 177
--- End of stack trace from previous location ---

Failed!  - Failed:     7, Passed:     0, Skipped:     0, Total:     7, Duration: 294 ms - ServiceUnitTest.dll (net8.0)
